ï¿½ets Jul 29 2019 12:21:46

rst:0x1 (POWERON_RESET),boot:0x13 (SPI_FAST_FLASH_BOOT)
configsip: 0, SPIWP:0xee
clk_drv:0x00,q_drv:0x00,d_drv:0x00,cs0_drv:0x00,hd_drv:0x00,wp_drv:0x00
mode:DIO, clock div:2
load:0x3fff0030,len:6276
load:0x40078000,len:15748
load:0x40080400,len:4
ho 8 tail 4 room 4
load:0x40080404,len:3860
entry 0x4008063c
[0;32mI (31) boot: ESP-IDF v5.4.1 2nd stage bootloader[0m
[0;32mI (31) boot: compile time Jun 11 2025 21:00:01[0m
[0;32mI (31) boot: Multicore bootloader[0m
[0;32mI (32) boot: chip revision: v3.1[0m
[0;32mI (35) boot.esp32: SPI Speed      : 40MHz[0m
[0;32mI (39) boot.esp32: SPI Mode       : DIO[0m
[0;32mI (43) boot.esp32: SPI Flash Size : 2MB[0m
[0;32mI (46) boot: Enabling RNG early entropy source...[0m
[0;32mI (51) boot: Partition Table:[0m
[0;32mI (53) boot: ## Label            Usage          Type ST Offset   Length[0m
[0;32mI (60) boot:  0 nvs              WiFi data        01 02 00009000 00006000[0m
[0;32mI (66) boot:  1 phy_init         RF data          01 01 0000f000 00001000[0m
[0;32mI (73) boot:  2 factory          factory app      00 00 00010000 00100000[0m
[0;32mI (79) boot: End of partition table[0m
[0;32mI (82) esp_image: segment 0: paddr=00010020 vaddr=3f400020 size=12980h ( 76160) map[0m
[0;32mI (116) esp_image: segment 1: paddr=000229a8 vaddr=3ff80000 size=0001ch (    28) load[0m
[0;32mI (116) esp_image: segment 2: paddr=000229cc vaddr=3ffb0000 size=0251ch (  9500) load[0m
[0;32mI (123) esp_image: segment 3: paddr=00024ef0 vaddr=40080000 size=0b128h ( 45352) load[0m
[0;32mI (145) esp_image: segment 4: paddr=00030020 vaddr=400d0020 size=34d34h (216372) map[0m
[0;32mI (219) esp_image: segment 5: paddr=00064d5c vaddr=4008b128 size=03130h ( 12592) load[0m
[0;32mI (231) boot: Loaded app from partition at offset 0x10000[0m
[0;32mI (231) boot: Disabling RNG early entropy source...[0m
[0;32mI (242) cpu_start: Multicore app[0m
[0;32mI (250) cpu_start: Pro cpu start user code[0m
[0;32mI (250) cpu_start: cpu freq: 160000000 Hz[0m
[0;32mI (250) app_init: Application information:[0m
[0;32mI (250) app_init: Project name:     projeto_TCP_Contador[0m
[0;32mI (255) app_init: App version:      1[0m
[0;32mI (259) app_init: Compile time:     Jun 12 2025 11:58:06[0m
[0;32mI (264) app_init: ELF file SHA256:  4a3ba4325...[0m
[0;32mI (268) app_init: ESP-IDF:          v5.4.1[0m
[0;32mI (272) efuse_init: Min chip rev:     v0.0[0m
[0;32mI (276) efuse_init: Max chip rev:     v3.99 [0m
[0;32mI (280) efuse_init: Chip rev:         v3.1[0m
[0;32mI (284) heap_init: Initializing. RAM available for dynamic allocation:[0m
[0;32mI (290) heap_init: At 3FFAE6E0 len 00001920 (6 KiB): DRAM[0m
[0;32mI (295) heap_init: At 3FFB3820 len 0002C7E0 (177 KiB): DRAM[0m
[0;32mI (300) heap_init: At 3FFE0440 len 00003AE0 (14 KiB): D/IRAM[0m
[0;32mI (305) heap_init: At 3FFE4350 len 0001BCB0 (111 KiB): D/IRAM[0m
[0;32mI (311) heap_init: At 4008E258 len 00011DA8 (71 KiB): IRAM[0m
[0;32mI (318) spi_flash: detected chip: generic[0m
[0;32mI (320) spi_flash: flash io: dio[0m
[0;33mW (323) spi_flash: Detected size(8192k) larger than the size in the binary image header(2048k). Using the size in the binary image header.[0m
[0;32mI (336) main_task: Started on CPU0[0m
[0;32mI (346) main_task: Calling app_main()[0m
[0;32mI (346) eth_client: Inicializando Ethernet...[0m
[0;32mI (386) esp_eth.netif.netif_glue: f8:b3:b7:29:a8:eb[0m
[0;32mI (386) esp_eth.netif.netif_glue: ethernet attached to netif[0m
[0;32mI (3286) eth_client: Conectando a 192.168.1.100:5000...[0m
[1;31mE (3286) eth_client: Erro ao conectar: errno 118[0m
[0;32mI (3286) main_task: Returned from app_main()[0m
[0;32mI (5286) eth_client: Conectando a 192.168.1.100:5000...[0m
[1;31mE (5286) eth_client: Erro ao conectar: errno 118[0m
[0;32mI (7286) eth_client: Conectando a 192.168.1.100:5000...[0m
[1;31mE (7286) eth_client: Erro ao conectar: errno 118[0m
[0;32mI (9286) eth_client: Conectando a 192.168.1.100:5000...[0m
[1;31mE (9286) eth_client: Erro ao conectar: errno 118[0m
[0;32mI (11286) eth_client: Conectando a 192.168.1.100:5000...[0m
[1;31mE (11286) eth_client: Erro ao conectar: errno 118[0m
[0;32mI (13286) eth_client: Conectando a 192.168.1.100:5000...[0m
[1;31mE (13286) eth_client: Erro ao conectar: errno 118[0m
[0;32mI (15286) eth_client: Conectando a 192.168.1.100:5000...[0m
[1;31mE (15286) eth_client: Erro ao conectar: errno 118[0m
[0;32mI (17286) eth_client: Conectando a 192.168.1.100:5000...[0m
[1;31mE (17286) eth_client: Erro ao conectar: errno 118[0m
